// Jest Snapshot v1, https://goo.gl/fbAQLP

exports[`Pruebas en <AppRouter/> debe de mostrar el login si no est√° autenticado  1`] = `
<div>
  <div
    className="container"
  >
    <h1>
      LoginScreen
    </h1>
    <button
      className="btn btn-primary"
      onClick={[Function]}
    >
      Login
    </button>
  </div>
</div>
`;
